// Jest Snapshot v1, https://goo.gl/fbAQLP

exports[`<index/> testing render componente 1`] = `
<div>
  index1
</div>
`;
